I'm sorry, but errors were detected in your script. Please correct the
errors listed below, and try again.


File "game/script.rpy", line 32: is not terminated with a newline. (Check strings and parenthesis.)
(Perhaps you left out a " at the end of the first line.)
        g "not today

Ren'Py Version: Ren'Py 7.2.2.491
Tue Jun 11 00:27:32 2019
